$ C:\Python313\python.exe %USERPROFILE%\avenoxbeyin-cross-platform-validation\compact_probe.py %TEMP%\beyin-platform-validation-zenb59zz\source

{
  "platform": "win32",
  "python": "3.13.14 (tags/v3.13.14:fd17997, Jun 10 2026, 13:03:48) [MSC v.1944 64 bit (AMD64)]",
  "rows": [
    {
      "existing_archive": false,
      "split_state": false,
      "requested_alias_profile": false,
      "vault_alias_supported": false,
      "tmp_symlink_supported": false,
      "fixture_newline": "CRLF",
      "fast_finished_before_release": false,
      "statuses": {
        "slow": {
          "overall": "needs_rewrite",
          "file": "compacted"
        },
        "fast": {
          "overall": "needs_rewrite",
          "file": "needs_rewrite"
        }
      },
      "invariants": {
        "I1_full_old_card_preserved": true,
        "I2_compacted_claim_has_archive": true,
        "I3_progress": true,
        "existing_archive_preserved": true,
        "newest_preserved": true,
        "persistent_lock_exists": true
      },
      "passed": true
    },
    {
      "existing_archive": true,
      "split_state": false,
      "requested_alias_profile": false,
      "vault_alias_supported": false,
      "tmp_symlink_supported": false,
      "fixture_newline": "CRLF",
      "fast_finished_before_release": false,
      "statuses": {
        "slow": {
          "overall": "needs_rewrite",
          "file": "compacted"
        },
        "fast": {
          "overall": "needs_rewrite",
          "file": "needs_rewrite"
        }
      },
      "invariants": {
        "I1_full_old_card_preserved": true,
        "I2_compacted_claim_has_archive": true,
        "I3_progress": true,
        "existing_archive_preserved": true,
        "newest_preserved": true,
        "persistent_lock_exists": true
      },
      "passed": true
    },
    {
      "existing_archive": false,
      "split_state": true,
      "requested_alias_profile": true,
      "vault_alias_supported": false,
      "tmp_symlink_supported": false,
      "fixture_newline": "CRLF",
      "fast_finished_before_release": false,
      "statuses": {
        "slow": {
          "overall": "needs_rewrite",
          "file": "compacted"
        },
        "fast": {
          "overall": "needs_rewrite",
          "file": "needs_rewrite"
        }
      },
      "invariants": {
        "I1_full_old_card_preserved": true,
        "I2_compacted_claim_has_archive": true,
        "I3_progress": true,
        "existing_archive_preserved": true,
        "newest_preserved": true,
        "persistent_lock_exists": true
      },
      "passed": true
    },
    {
      "existing_archive": true,
      "split_state": true,
      "requested_alias_profile": true,
      "vault_alias_supported": false,
      "tmp_symlink_supported": false,
      "fixture_newline": "CRLF",
      "fast_finished_before_release": false,
      "statuses": {
        "slow": {
          "overall": "needs_rewrite",
          "file": "compacted"
        },
        "fast": {
          "overall": "needs_rewrite",
          "file": "needs_rewrite"
        }
      },
      "invariants": {
        "I1_full_old_card_preserved": true,
        "I2_compacted_claim_has_archive": true,
        "I3_progress": true,
        "existing_archive_preserved": true,
        "newest_preserved": true,
        "persistent_lock_exists": true
      },
      "passed": true
    }
  ],
  "passed": true
}
