$ /usr/bin/python3 $HOME/avenoxbeyin-cross-platform-validation/compact_probe.py $TMPDIR/beyin-platform-validation-yoazwhbi/source

{
  "platform": "linux",
  "python": "3.12.3 (main, Aug 31 2026, 10:18:26) [GCC 13.3.0]",
  "rows": [
    {
      "existing_archive": false,
      "split_state": false,
      "requested_alias_profile": false,
      "vault_alias_supported": false,
      "tmp_symlink_supported": false,
      "fixture_newline": "LF",
      "fast_finished_before_release": false,
      "statuses": {
        "slow": {
          "overall": "needs_rewrite",
          "file": "compacted"
        },
        "fast": {
          "overall": "needs_rewrite",
          "file": "needs_rewrite"
        }
      },
      "invariants": {
        "I1_full_old_card_preserved": true,
        "I2_compacted_claim_has_archive": true,
        "I3_progress": true,
        "existing_archive_preserved": true,
        "newest_preserved": true,
        "persistent_lock_exists": true
      },
      "passed": true
    },
    {
      "existing_archive": true,
      "split_state": false,
      "requested_alias_profile": false,
      "vault_alias_supported": false,
      "tmp_symlink_supported": false,
      "fixture_newline": "LF",
      "fast_finished_before_release": false,
      "statuses": {
        "slow": {
          "overall": "needs_rewrite",
          "file": "compacted"
        },
        "fast": {
          "overall": "needs_rewrite",
          "file": "needs_rewrite"
        }
      },
      "invariants": {
        "I1_full_old_card_preserved": true,
        "I2_compacted_claim_has_archive": true,
        "I3_progress": true,
        "existing_archive_preserved": true,
        "newest_preserved": true,
        "persistent_lock_exists": true
      },
      "passed": true
    },
    {
      "existing_archive": false,
      "split_state": true,
      "requested_alias_profile": true,
      "vault_alias_supported": true,
      "tmp_symlink_supported": true,
      "fixture_newline": "LF",
      "fast_finished_before_release": false,
      "statuses": {
        "slow": {
          "overall": "needs_rewrite",
          "file": "compacted"
        },
        "fast": {
          "overall": "needs_rewrite",
          "file": "needs_rewrite"
        }
      },
      "invariants": {
        "I1_full_old_card_preserved": true,
        "I2_compacted_claim_has_archive": true,
        "I3_progress": true,
        "existing_archive_preserved": true,
        "newest_preserved": true,
        "persistent_lock_exists": true
      },
      "passed": true
    },
    {
      "existing_archive": true,
      "split_state": true,
      "requested_alias_profile": true,
      "vault_alias_supported": true,
      "tmp_symlink_supported": true,
      "fixture_newline": "LF",
      "fast_finished_before_release": false,
      "statuses": {
        "slow": {
          "overall": "needs_rewrite",
          "file": "compacted"
        },
        "fast": {
          "overall": "needs_rewrite",
          "file": "needs_rewrite"
        }
      },
      "invariants": {
        "I1_full_old_card_preserved": true,
        "I2_compacted_claim_has_archive": true,
        "I3_progress": true,
        "existing_archive_preserved": true,
        "newest_preserved": true,
        "persistent_lock_exists": true
      },
      "passed": true
    }
  ],
  "passed": true
}
